Analyzing 1000 addresses (skipping 201 already completed)...
Checking address 202/1000: 17kPKTWpDKgDES6RT11Xuz2qgyLNBsDrgu
  Fetching historical data for 17kPKTWpDKgDES6RT11Xuz2qgyLNBsDrgu (Txs: 28)...
Blockchain.info rate limit hit. Waiting 300s before retry/skipping...
Blockchain.info rate limit hit. Waiting 600s before retry/skipping...
Checking address 203/1000: 1FHJmaZ46UsX6gZzaQQqduA5xcCcsCLcYj
  Fetching historical data for 1FHJmaZ46UsX6gZzaQQqduA5xcCcsCLcYj (Txs: 27)...
Blockchain.info rate limit hit. Waiting 300s before retry/skipping...
Blockchain.info rate limit hit. Waiting 600s before retry/skipping...
Checking address 204/1000: 1k7rio1YLfhN2JfaAsmsy3PT2oUdqiy8J
  Fetching historical data for 1k7rio1YLfhN2JfaAsmsy3PT2oUdqiy8J (Txs: 28)...
Blockchain.info rate limit hit. Waiting 300s before retry/skipping...
Blockchain.info rate limit hit. Waiting 600s before retry/skipping...
Checking address 205/1000: 14E4jGeo7Gys3DvQThT9AiEq3yvmcpRZ27
  Fetching historical data for 14E4jGeo7Gys3DvQThT9AiEq3yvmcpRZ27 (Txs: 28)...
Blockchain.info rate limit hit. Waiting 300s before retry/skipping...
Blockchain.info rate limit hit. Waiting 600s before retry/skipping...
Checking address 206/1000: 16xSAf5uYCrEgTfXxjrUgq9c5qSjZowSCa
  Fetching historical data for 16xSAf5uYCrEgTfXxjrUgq9c5qSjZowSCa (Txs: 37)...
Blockchain.info rate limit hit. Waiting 300s before retry/skipping...
Blockchain.info rate limit hit. Waiting 600s before retry/skipping...
Checking address 207/1000: 1GUT2NzCgVsjZj1DsBycCGXntoTTWjTiMG
Checking address 208/1000: 19NNyVDVqco5PRVZRqt9i7ECAP6CuyLZu4
Checking address 209/1000: 1DowZxD3BVK4EBqWoD6QaES8t277hgmWDv
  Fetching historical data for 1DowZxD3BVK4EBqWoD6QaES8t277hgmWDv (Txs: 32)...
Blockchain.info rate limit hit. Waiting 300s before retry/skipping...
Blockchain.info rate limit hit. Waiting 600s before retry/skipping...
Checking address 210/1000: 1Fyhd6BWJh6fAtC6rHu19K8FFx5a4aRaXH
Checking address 211/1000: 3MPaGxZfDKxu8srq5HSVtVjZ6SZcVgSBHM
  Fetching historical data for 3MPaGxZfDKxu8srq5HSVtVjZ6SZcVgSBHM (Txs: 35)...
Blockchain.info rate limit hit. Waiting 300s before retry/skipping...
Blockchain.info rate limit hit. Waiting 600s before retry/skipping...
Checking address 212/1000: 1N5ACP9k2wRUgC3siFRu45MoR9Xkvb6Wmc
  Fetching historical data for 1N5ACP9k2wRUgC3siFRu45MoR9Xkvb6Wmc (Txs: 27)...
Blockchain.info rate limit hit. Waiting 300s before retry/skipping...
Blockchain.info rate limit hit. Waiting 600s before retry/skipping...
Checking address 213/1000: 12yqUYtcCvDgiDgzJTT7DsSCoSifwYavhH
  Fetching historical data for 12yqUYtcCvDgiDgzJTT7DsSCoSifwYavhH (Txs: 81)...
Blockchain.info rate limit hit. Waiting 300s before retry/skipping...
Blockchain.info rate limit hit. Waiting 600s before retry/skipping...
Checking address 214/1000: 1Dd3QKnvAZC17SvguLq8aoi8JLtQfr532P
  Fetching historical data for 1Dd3QKnvAZC17SvguLq8aoi8JLtQfr532P (Txs: 31)...
Blockchain.info rate limit hit. Waiting 300s before retry/skipping...
Blockchain.info rate limit hit. Waiting 600s before retry/skipping...
Checking address 215/1000: 15USWMmGtSHnnkmcJBrwYrAjtjBg6i4N8w
  Fetching historical data for 15USWMmGtSHnnkmcJBrwYrAjtjBg6i4N8w (Txs: 51)...
Blockchain.info rate limit hit. Waiting 300s before retry/skipping...
Blockchain.info rate limit hit. Waiting 600s before retry/skipping...
Checking address 216/1000: 1AJuVk99ygzUoXZiAbBRnSaCMqB5QUJEsn
  Fetching historical data for 1AJuVk99ygzUoXZiAbBRnSaCMqB5QUJEsn (Txs: 28)...
Blockchain.info rate limit hit. Waiting 300s before retry/skipping...
Blockchain.info rate limit hit. Waiting 600s before retry/skipping...
Checking address 217/1000: 1KmaiBSWEwmLcmq1TZzEJqwvmchS6t2n3E
  Fetching historical data for 1KmaiBSWEwmLcmq1TZzEJqwvmchS6t2n3E (Txs: 35)...
Blockchain.info rate limit hit. Waiting 300s before retry/skipping...
Blockchain.info rate limit hit. Waiting 600s before retry/skipping...
Checking address 218/1000: 1Nq8XVK1ocaBiL6ZswrDPmuqeZixXkFWEU
  Fetching historical data for 1Nq8XVK1ocaBiL6ZswrDPmuqeZixXkFWEU (Txs: 26)...
Blockchain.info rate limit hit. Waiting 300s before retry/skipping...
Blockchain.info rate limit hit. Waiting 600s before retry/skipping...
Checking address 219/1000: 3LvjVpxwsDikf4AbZmEJXWq6hNNoorSJFq
Checking address 220/1000: 1khUbG5x5irP5S8oaDDdNHZffymb5bpXu
  Fetching historical data for 1khUbG5x5irP5S8oaDDdNHZffymb5bpXu (Txs: 29)...
Blockchain.info rate limit hit. Waiting 300s before retry/skipping...
Blockchain.info rate limit hit. Waiting 600s before retry/skipping...
Checking address 221/1000: 1D4PtqZ8gdX8cBR8VgLSnC53c1tGL9wopJ
  Fetching historical data for 1D4PtqZ8gdX8cBR8VgLSnC53c1tGL9wopJ (Txs: 27)...
Blockchain.info rate limit hit. Waiting 300s before retry/skipping...
Blockchain.info rate limit hit. Waiting 600s before retry/skipping...
Checking address 222/1000: 1KNxYaLy5HGZmKGH8NzJzUVhomHg84d2y2
  Fetching historical data for 1KNxYaLy5HGZmKGH8NzJzUVhomHg84d2y2 (Txs: 29)...
Blockchain.info rate limit hit. Waiting 300s before retry/skipping...
Blockchain.info rate limit hit. Waiting 600s before retry/skipping...
Checking address 223/1000: 14g9K1s4SpV8k2CtwTNJt1JWoHSyXG4JWj
Checking address 224/1000: 1AyB2Ff33WjN8HyFHGa6UnEypDTnexiuVM
  Fetching historical data for 1AyB2Ff33WjN8HyFHGa6UnEypDTnexiuVM (Txs: 27)...
Blockchain.info rate limit hit. Waiting 300s before retry/skipping...
Blockchain.info rate limit hit. Waiting 600s before retry/skipping...
Checking address 225/1000: 1NxmQpXZD7yzXrTKdTBPGyVa9CphKb4i8t
  Fetching historical data for 1NxmQpXZD7yzXrTKdTBPGyVa9CphKb4i8t (Txs: 26)...
Blockchain.info rate limit hit. Waiting 300s before retry/skipping...
Blockchain.info rate limit hit. Waiting 600s before retry/skipping...
Checking address 226/1000: 1khWP41zrADdWSNwzXQUZGpURPgXHTaux
  Fetching historical data for 1khWP41zrADdWSNwzXQUZGpURPgXHTaux (Txs: 26)...
Blockchain.info rate limit hit. Waiting 300s before retry/skipping...
Blockchain.info rate limit hit. Waiting 600s before retry/skipping...
Checking address 227/1000: 1FyGxvtPXCniSqivesC7DwMsKw49KrnU79
Checking address 228/1000: 1FSqgEhG4bEzTDLNxfeQ7hLz9E93TRhczn
Checking address 229/1000: 112P9ju5uTvvj5JZ6H3SNRy6mqxsXVnB9K
  Fetching historical data for 112P9ju5uTvvj5JZ6H3SNRy6mqxsXVnB9K (Txs: 29)...
Blockchain.info rate limit hit. Waiting 300s before retry/skipping...
Blockchain.info rate limit hit. Waiting 600s before retry/skipping...
Checking address 230/1000: 1khbFxF6n3oDyMHGhBWjpQZE8TFoVYtSE
  Fetching historical data for 1khbFxF6n3oDyMHGhBWjpQZE8TFoVYtSE (Txs: 28)...
Blockchain.info rate limit hit. Waiting 300s before retry/skipping...
Blockchain.info rate limit hit. Waiting 600s before retry/skipping...
Checking address 231/1000: 37UTf3ruv5csr4CWGag2VCqgvenr2YzHV8
Checking address 232/1000: 14WeToVbjbByAUD8GGHRU9BJGwETBFLPKT
  Fetching historical data for 14WeToVbjbByAUD8GGHRU9BJGwETBFLPKT (Txs: 27)...
Blockchain.info rate limit hit. Waiting 300s before retry/skipping...
Blockchain.info rate limit hit. Waiting 600s before retry/skipping...
Checking address 233/1000: 14qdBdRTvT4i4QZ6iqRhrBj732x9EpoFQC
  Fetching historical data for 14qdBdRTvT4i4QZ6iqRhrBj732x9EpoFQC (Txs: 31)...
Blockchain.info rate limit hit. Waiting 300s before retry/skipping...
Blockchain.info rate limit hit. Waiting 600s before retry/skipping...
Checking address 234/1000: 1A6VXviu1guRweCkJiLQy3h9hzfoLawp5d
  Fetching historical data for 1A6VXviu1guRweCkJiLQy3h9hzfoLawp5d (Txs: 27)...
Blockchain.info rate limit hit. Waiting 300s before retry/skipping...
Blockchain.info rate limit hit. Waiting 600s before retry/skipping...
Checking address 235/1000: 3AVaHvreEHRuvtbmrfst9ypuZ4TPP5vpPj
  Fetching historical data for 3AVaHvreEHRuvtbmrfst9ypuZ4TPP5vpPj (Txs: 28)...
Blockchain.info rate limit hit. Waiting 300s before retry/skipping...
Blockchain.info rate limit hit. Waiting 600s before retry/skipping...
Checking address 236/1000: 1Au1PEH71fsKfhgHSGN77CmH9tVmURriAY
  Fetching historical data for 1Au1PEH71fsKfhgHSGN77CmH9tVmURriAY (Txs: 28)...
Blockchain.info rate limit hit. Waiting 300s before retry/skipping...
Blockchain.info rate limit hit. Waiting 600s before retry/skipping...
Checking address 237/1000: 1nJ39zzTMJCygGxw3PZXKydSk7mNnC7SQ
Checking address 238/1000: 18xjbYXKfohTNrX41g1GAzzjh1sjJPzRqd
  Fetching historical data for 18xjbYXKfohTNrX41g1GAzzjh1sjJPzRqd (Txs: 28)...
Blockchain.info rate limit hit. Waiting 300s before retry/skipping...
Blockchain.info rate limit hit. Waiting 600s before retry/skipping...
Checking address 239/1000: 1PmLAqBiiCTpq6hc8BJ3wa8hJtyjNPdvHE
  Fetching historical data for 1PmLAqBiiCTpq6hc8BJ3wa8hJtyjNPdvHE (Txs: 30)...
Blockchain.info rate limit hit. Waiting 300s before retry/skipping...
Blockchain.info rate limit hit. Waiting 600s before retry/skipping...
Checking address 240/1000: 1EqGWHKPrJZzLzUFTULLA3caYnQv53wQJP
  Fetching historical data for 1EqGWHKPrJZzLzUFTULLA3caYnQv53wQJP (Txs: 28)...
Blockchain.info rate limit hit. Waiting 300s before retry/skipping...
Blockchain.info rate limit hit. Waiting 600s before retry/skipping...
Checking address 241/1000: 1AwpCykpTxiNhu6eTH62YcXVfBEcTM4Sai
  Fetching historical data for 1AwpCykpTxiNhu6eTH62YcXVfBEcTM4Sai (Txs: 28)...
Blockchain.info rate limit hit. Waiting 300s before retry/skipping...
Blockchain.info rate limit hit. Waiting 600s before retry/skipping...
Checking address 242/1000: 12zgpEbXRs9JzXRckvdkQFfu99jn521Dfi
  Fetching historical data for 12zgpEbXRs9JzXRckvdkQFfu99jn521Dfi (Txs: 34)...
Blockchain.info rate limit hit. Waiting 300s before retry/skipping...
Blockchain.info rate limit hit. Waiting 600s before retry/skipping...
Checking address 243/1000: 1Dg5eLjUu8tp5Rhkq1iG9XNPoryrPLQA15
  Fetching historical data for 1Dg5eLjUu8tp5Rhkq1iG9XNPoryrPLQA15 (Txs: 30)...
Blockchain.info rate limit hit. Waiting 300s before retry/skipping...
Blockchain.info rate limit hit. Waiting 600s before retry/skipping...
Checking address 244/1000: 1Ab1BCNuYwGtfDKgJWh81zbeyB7HWNc9xJ
  Fetching historical data for 1Ab1BCNuYwGtfDKgJWh81zbeyB7HWNc9xJ (Txs: 30)...
Blockchain.info rate limit hit. Waiting 300s before retry/skipping...
Blockchain.info rate limit hit. Waiting 600s before retry/skipping...
Checking address 245/1000: 1D4c6FjVrim1jppRWy1DNLjrx4uogZBwkJ
Checking address 246/1000: 1JecCTLDLgo7wEZrsYpUFLSZEpi6DJPK7d
Checking address 247/1000: 155AkfuHgY7mZFDm9d7xGgP1rqXHMtjukY
Checking address 248/1000: 1Mnc9YWgfSyyut8wdKDNznYhi2NvYnsqCw
  Fetching historical data for 1Mnc9YWgfSyyut8wdKDNznYhi2NvYnsqCw (Txs: 34)...
Blockchain.info rate limit hit. Waiting 300s before retry/skipping...
Blockchain.info rate limit hit. Waiting 600s before retry/skipping...
Checking address 249/1000: 1DFxKaDmq1cuzLjo949quvWqPA3UVu3hP7
  Fetching historical data for 1DFxKaDmq1cuzLjo949quvWqPA3UVu3hP7 (Txs: 29)...
Blockchain.info rate limit hit. Waiting 300s before retry/skipping...
Blockchain.info rate limit hit. Waiting 600s before retry/skipping...
Checking address 250/1000: 1H1ECjR96iAiTpiVaooQwcV9JHxf57vg2m
  Fetching historical data for 1H1ECjR96iAiTpiVaooQwcV9JHxf57vg2m (Txs: 28)...
Blockchain.info rate limit hit. Waiting 300s before retry/skipping...
Blockchain.info rate limit hit. Waiting 600s before retry/skipping...
Checking address 251/1000: 1LcKmgPFaXpJui5LMbaogk7A88kwdJK9Rg
  Fetching historical data for 1LcKmgPFaXpJui5LMbaogk7A88kwdJK9Rg (Txs: 28)...
Blockchain.info rate limit hit. Waiting 300s before retry/skipping...
Blockchain.info rate limit hit. Waiting 600s before retry/skipping...
Checking address 252/1000: 16hr6GDzWvBrkhSg5337jTrUnrs7Z9GdS9
  Fetching historical data for 16hr6GDzWvBrkhSg5337jTrUnrs7Z9GdS9 (Txs: 29)...
Blockchain.info rate limit hit. Waiting 300s before retry/skipping...
Blockchain.info rate limit hit. Waiting 600s before retry/skipping...
Checking address 253/1000: 16TkpJm34XjeVdZZckTWAn1dqYbX5v7K4a
  Fetching historical data for 16TkpJm34XjeVdZZckTWAn1dqYbX5v7K4a (Txs: 30)...
Blockchain.info rate limit hit. Waiting 300s before retry/skipping...
Blockchain.info rate limit hit. Waiting 600s before retry/skipping...
Checking address 254/1000: 13aNpzpiRe2VfupbroMWv68Q2VbJrnWdXP
  Fetching historical data for 13aNpzpiRe2VfupbroMWv68Q2VbJrnWdXP (Txs: 28)...
Blockchain.info rate limit hit. Waiting 300s before retry/skipping...
Blockchain.info rate limit hit. Waiting 600s before retry/skipping...
Checking address 255/1000: 14WWrJMGPo43mAoLXoH53pREAEUAFFW66T
  Fetching historical data for 14WWrJMGPo43mAoLXoH53pREAEUAFFW66T (Txs: 30)...
Blockchain.info rate limit hit. Waiting 300s before retry/skipping...
Blockchain.info rate limit hit. Waiting 600s before retry/skipping...
Checking address 256/1000: 1Au1fALPbBY4qA1YRPUC9GBKm8gAZJ1CCN
  Fetching historical data for 1Au1fALPbBY4qA1YRPUC9GBKm8gAZJ1CCN (Txs: 28)...
Blockchain.info rate limit hit. Waiting 300s before retry/skipping...
Blockchain.info rate limit hit. Waiting 600s before retry/skipping...
Checking address 257/1000: 1uU9y4LSM3vKrD4R2iQqhMa1kW6d3kKUk
Checking address 258/1000: 1Dbvh6L8Ce22bnfe4uMVqXZb19ift8ohqx
  Fetching historical data for 1Dbvh6L8Ce22bnfe4uMVqXZb19ift8ohqx (Txs: 28)...
Blockchain.info rate limit hit. Waiting 300s before retry/skipping...
Blockchain.info rate limit hit. Waiting 600s before retry/skipping...
Checking address 259/1000: 12dvRka7H1AydknnwqdsX9trXHbNZFzE57
  Fetching historical data for 12dvRka7H1AydknnwqdsX9trXHbNZFzE57 (Txs: 31)...
Blockchain.info rate limit hit. Waiting 300s before retry/skipping...
Blockchain.info rate limit hit. Waiting 600s before retry/skipping...
Checking address 260/1000: 1L9oHjwBs5VVtrKFT6gXMAwqdobfhMZaWF
  Fetching historical data for 1L9oHjwBs5VVtrKFT6gXMAwqdobfhMZaWF (Txs: 29)...
Blockchain.info rate limit hit. Waiting 300s before retry/skipping...
Blockchain.info rate limit hit. Waiting 600s before retry/skipping...
Checking address 261/1000: 1KiQNazvLpchWb8rZx3VqhyaE56PXxcuYB
  Fetching historical data for 1KiQNazvLpchWb8rZx3VqhyaE56PXxcuYB (Txs: 29)...
Blockchain.info rate limit hit. Waiting 300s before retry/skipping...
Blockchain.info rate limit hit. Waiting 600s before retry/skipping...
Checking address 262/1000: 1KVyYVs7qbzuZt4s6M1hKRwtQZm2QQZLiA
  Fetching historical data for 1KVyYVs7qbzuZt4s6M1hKRwtQZm2QQZLiA (Txs: 36)...
Blockchain.info rate limit hit. Waiting 300s before retry/skipping...
Blockchain.info rate limit hit. Waiting 600s before retry/skipping...
Checking address 263/1000: 14xWSU6vrV7H285PR96pGtvqg6XLfycSt4
  Fetching historical data for 14xWSU6vrV7H285PR96pGtvqg6XLfycSt4 (Txs: 30)...
Blockchain.info rate limit hit. Waiting 300s before retry/skipping...
Blockchain.info rate limit hit. Waiting 600s before retry/skipping...
Checking address 264/1000: 1BNSd5s2wUm48PwVkf8CUYKabhM4iiHPmx
  Fetching historical data for 1BNSd5s2wUm48PwVkf8CUYKabhM4iiHPmx (Txs: 29)...
Blockchain.info rate limit hit. Waiting 300s before retry/skipping...
Blockchain.info rate limit hit. Waiting 600s before retry/skipping...
Checking address 265/1000: 1B8C6LkjpQHg6PnHzujfg3ujZ7Z3C9pEqW
  Fetching historical data for 1B8C6LkjpQHg6PnHzujfg3ujZ7Z3C9pEqW (Txs: 28)...
Blockchain.info rate limit hit. Waiting 300s before retry/skipping...
Blockchain.info rate limit hit. Waiting 600s before retry/skipping...
Checking address 266/1000: 14SvnRSkHckB4NCFSNETgs7wbbwx2iN2HU
  Fetching historical data for 14SvnRSkHckB4NCFSNETgs7wbbwx2iN2HU (Txs: 28)...
Blockchain.info rate limit hit. Waiting 300s before retry/skipping...
Blockchain.info rate limit hit. Waiting 600s before retry/skipping...
Checking address 267/1000: 1Mz9MJ3Tvm8vjZrdTDXSoJrL54uUGjh459
  Fetching historical data for 1Mz9MJ3Tvm8vjZrdTDXSoJrL54uUGjh459 (Txs: 28)...
Blockchain.info rate limit hit. Waiting 300s before retry/skipping...
Blockchain.info rate limit hit. Waiting 600s before retry/skipping...
Checking address 268/1000: 1H5hXypTRciskxVC5nPGEF6Cw24F1AzC4
  Fetching historical data for 1H5hXypTRciskxVC5nPGEF6Cw24F1AzC4 (Txs: 28)...
Blockchain.info rate limit hit. Waiting 300s before retry/skipping...
Blockchain.info rate limit hit. Waiting 600s before retry/skipping...
Checking address 269/1000: 19C5VdmSD3SF8f7Che4t2hxHHWPjKPGegt
  Fetching historical data for 19C5VdmSD3SF8f7Che4t2hxHHWPjKPGegt (Txs: 28)...
Blockchain.info rate limit hit. Waiting 300s before retry/skipping...
Blockchain.info rate limit hit. Waiting 600s before retry/skipping...
Checking address 270/1000: 19GxhCCB59ZYYSTGSFrd5imG6wPWbhd4zr
  Fetching historical data for 19GxhCCB59ZYYSTGSFrd5imG6wPWbhd4zr (Txs: 28)...
Blockchain.info rate limit hit. Waiting 300s before retry/skipping...
Blockchain.info rate limit hit. Waiting 600s before retry/skipping...
Checking address 271/1000: 1PNwELxYci8bcMn3D9JBpqoANXuHTZ88YM
  Fetching historical data for 1PNwELxYci8bcMn3D9JBpqoANXuHTZ88YM (Txs: 28)...
Blockchain.info rate limit hit. Waiting 300s before retry/skipping...
Blockchain.info rate limit hit. Waiting 600s before retry/skipping...
Checking address 272/1000: 1Atpo8TGJPkUtLreMrKzCGUUrxcYBHafA4
  Fetching historical data for 1Atpo8TGJPkUtLreMrKzCGUUrxcYBHafA4 (Txs: 28)...
Blockchain.info rate limit hit. Waiting 300s before retry/skipping...
Blockchain.info rate limit hit. Waiting 600s before retry/skipping...
Checking address 273/1000: 1QFET85uxFHhud5T8RVYp8hzCbdfYHvz6x
  Fetching historical data for 1QFET85uxFHhud5T8RVYp8hzCbdfYHvz6x (Txs: 28)...
Blockchain.info rate limit hit. Waiting 300s before retry/skipping...
Blockchain.info rate limit hit. Waiting 600s before retry/skipping...
Checking address 274/1000: 1CSXJ4kB7Y9hp3MVHSs7qbzsF3xuFcQLXK
  Fetching historical data for 1CSXJ4kB7Y9hp3MVHSs7qbzsF3xuFcQLXK (Txs: 28)...
Blockchain.info rate limit hit. Waiting 300s before retry/skipping...
Blockchain.info rate limit hit. Waiting 600s before retry/skipping...
Checking address 275/1000: 17pE1V6ZgNyPwsYtXaR1tJuZvvtcry8ukt
  Fetching historical data for 17pE1V6ZgNyPwsYtXaR1tJuZvvtcry8ukt (Txs: 28)...
Blockchain.info rate limit hit. Waiting 300s before retry/skipping...
Blockchain.info rate limit hit. Waiting 600s before retry/skipping...
Checking address 276/1000: 1AbVjHyy52HpaHC9RCiSFszXzgPEhHcQqj
  Fetching historical data for 1AbVjHyy52HpaHC9RCiSFszXzgPEhHcQqj (Txs: 28)...
Blockchain.info rate limit hit. Waiting 300s before retry/skipping...
Blockchain.info rate limit hit. Waiting 600s before retry/skipping...
Checking address 277/1000: 1G6jwPp5dGbzmdvyX98REt4X7moBYME3qy
  Fetching historical data for 1G6jwPp5dGbzmdvyX98REt4X7moBYME3qy (Txs: 28)...
Blockchain.info rate limit hit. Waiting 300s before retry/skipping...
Blockchain.info rate limit hit. Waiting 600s before retry/skipping...
Checking address 278/1000: 1DMfS71RmW7961TowcM4WPQpMoTfZnjbgR
  Fetching historical data for 1DMfS71RmW7961TowcM4WPQpMoTfZnjbgR (Txs: 28)...
Blockchain.info rate limit hit. Waiting 300s before retry/skipping...
Blockchain.info rate limit hit. Waiting 600s before retry/skipping...
Checking address 279/1000: 17FPdPcc86QEfqoVuSBoc6khJDqS9qZUFw
  Fetching historical data for 17FPdPcc86QEfqoVuSBoc6khJDqS9qZUFw (Txs: 28)...
Blockchain.info rate limit hit. Waiting 300s before retry/skipping...
Blockchain.info rate limit hit. Waiting 600s before retry/skipping...
Checking address 280/1000: 1BrpK5VRnWb5mVaNATXy5Cf8jjUHqF3pvy
  Fetching historical data for 1BrpK5VRnWb5mVaNATXy5Cf8jjUHqF3pvy (Txs: 28)...
Blockchain.info rate limit hit. Waiting 300s before retry/skipping...
Blockchain.info rate limit hit. Waiting 600s before retry/skipping...
Checking address 281/1000: 12iPz6KzKGX1UyodPsvKeigbsAkpGKKPNW
  Fetching historical data for 12iPz6KzKGX1UyodPsvKeigbsAkpGKKPNW (Txs: 28)...
Blockchain.info rate limit hit. Waiting 300s before retry/skipping...
Blockchain.info rate limit hit. Waiting 600s before retry/skipping...
Checking address 282/1000: 1MJ7uvPRVc7GN3AUHvtQmUUE4S1m81EDxw
  Fetching historical data for 1MJ7uvPRVc7GN3AUHvtQmUUE4S1m81EDxw (Txs: 28)...
Blockchain.info rate limit hit. Waiting 300s before retry/skipping...
Blockchain.info rate limit hit. Waiting 600s before retry/skipping...
Checking address 283/1000: 1ECE8LSkmUDPYNAkysCJTzbQePunxdX2kj
  Fetching historical data for 1ECE8LSkmUDPYNAkysCJTzbQePunxdX2kj (Txs: 28)...
Blockchain.info rate limit hit. Waiting 300s before retry/skipping...
Blockchain.info rate limit hit. Waiting 600s before retry/skipping...
Checking address 284/1000: 1AWe32boSBj88Uxvdu4nnVZffZ3oPeLits
  Fetching historical data for 1AWe32boSBj88Uxvdu4nnVZffZ3oPeLits (Txs: 28)...
Blockchain.info rate limit hit. Waiting 300s before retry/skipping...
Blockchain.info rate limit hit. Waiting 600s before retry/skipping...
Checking address 285/1000: 1JaVPjPHZgrBBwS3XW1w4KFUZFwvuAwtVV
  Fetching historical data for 1JaVPjPHZgrBBwS3XW1w4KFUZFwvuAwtVV (Txs: 29)...
Blockchain.info rate limit hit. Waiting 300s before retry/skipping...
Blockchain.info rate limit hit. Waiting 600s before retry/skipping...
Checking address 286/1000: 13N2qrZj54B8HrhKR65aneA3Cj2AE8XE7G
  Fetching historical data for 13N2qrZj54B8HrhKR65aneA3Cj2AE8XE7G (Txs: 27)...
Blockchain.info rate limit hit. Waiting 300s before retry/skipping...
Blockchain.info rate limit hit. Waiting 600s before retry/skipping...
Checking address 287/1000: 1CVyPG2eMjQhFiS84r1eddFjhCfu4RfmDS
  Fetching historical data for 1CVyPG2eMjQhFiS84r1eddFjhCfu4RfmDS (Txs: 27)...
Blockchain.info rate limit hit. Waiting 300s before retry/skipping...
Blockchain.info rate limit hit. Waiting 600s before retry/skipping...
Checking address 288/1000: 13nrX5r86ohQKRLKaxQVvc7qJWVLfoFJ35
  Fetching historical data for 13nrX5r86ohQKRLKaxQVvc7qJWVLfoFJ35 (Txs: 27)...
Blockchain.info rate limit hit. Waiting 300s before retry/skipping...
Blockchain.info rate limit hit. Waiting 600s before retry/skipping...
