[09:04:52] Crypservice Engine Online. Background Scanner Active.
[09:04:53] === Starting Scan Cycle 1 ===
[09:04:53] --- Scoring all addresses for vulnerability ---
[09:04:53] ======================================================================
[09:04:53] VULNERABILITY SCORING — 1000 addresses
[09:04:53] ======================================================================
[09:04:54] TOP 30 MOST VULNERABLE ADDRESSES:
[09:04:54] ==================================================================
[09:04:54] [  1] 100/100 [CRITICAL] 12ib7dApVFvg82TXKycWBNpN8kFyiA...
[09:04:54] Attacks: polynonce, r_reuse, lattice
[09:04:54] Age: 10/85 — Unknown age
[09:04:54] Type: 40/40 — Legacy P2PKH — oldest format, pre-HD wallet era
[09:04:54] Pattern: 15/40 — High balance (31000.1 BTC) — attractive target
[09:04:54] Label: 5/30 — Generic wallet label
[09:04:54] Sigs: 30/80 — Moderate 1-bit LSB bias (ratio=0.75); Moderate 2-bit LSB bias (ratio=0.75)
[09:04:54] [  2] 100/100 [CRITICAL] 17rm2dvb439dZqyMe2d4D6AQJSgg6y...
[09:04:54] Attacks: polynonce, r_reuse, lattice
[09:04:54] Age: 10/85 — Unknown age
[09:04:54] Type: 40/40 — Legacy P2PKH — oldest format, pre-HD wallet era
[09:04:54] Pattern: 15/40 — High balance (20008.0 BTC) — attractive target
[09:04:54] Label: 0/30 — No label
[09:04:54] Sigs: 50/80 — R-value reuse detected! (1 reused R values)
[09:04:54] [  3] 100/100 [CRITICAL] 1GR9qNz7zgtaW5HwwVpEJWMnGWhsbs...
[09:04:54] Attacks: polynonce, r_reuse, lattice
[09:04:54] Age: 10/85 — Unknown age
[09:04:54] Type: 40/40 — Legacy P2PKH — oldest format, pre-HD wallet era
[09:04:54] Pattern: 15/40 — High balance (15745.6 BTC) — attractive target
[09:04:54] Label: 0/30 — No label
[09:04:54] Sigs: 50/80 — R-value reuse detected! (1 reused R values)
[09:04:54] [  4] 100/100 [CRITICAL] 1BeouDc6jtHpitvPz3gR3LQnBGb7dK...
[09:04:54] Attacks: polynonce, r_reuse, lattice
[09:04:54] Age: 10/85 — Unknown age
[09:04:54] Type: 40/40 — Legacy P2PKH — oldest format, pre-HD wallet era
[09:04:54] Pattern: 15/40 — High balance (5075.0 BTC) — attractive target
[09:04:54] Label: 5/30 — Generic wallet label
[09:04:54] Sigs: 75/80 — Strong 1-bit LSB bias (ratio=0.83); R-value reuse detected! (6 reused R values)
[09:04:54] [  5]  75/100 [CRITICAL] 1FeexV6bAHb8ybZjqQMjJrcCrHGW9s...
[09:04:54] Attacks: seed_guess, weak_key, brainwallet
[09:04:54] Age: 10/85 — Unknown age
[09:04:54] Type: 40/40 — Legacy P2PKH — oldest format, pre-HD wallet era
[09:04:54] Pattern: 15/40 — High balance (79957.3 BTC) — attractive target
[09:04:54] Label: 10/30 — Known hack/seizure — historical compromise
[09:04:54] Sigs: 0/80 — No signatures available
[09:04:54] [  6]  70/100 [CRITICAL] 15Z5YJaaNSxeynvr6uW6jQZLwq3n1H...
[09:04:54] Attacks: seed_guess, weak_key, brainwallet
[09:04:54] Age: 10/85 — Unknown age
[09:04:54] Type: 40/40 — Legacy P2PKH — oldest format, pre-HD wallet era
[09:04:54] Pattern: 15/40 — High balance (7941.1 BTC) — attractive target
[09:04:54] Label: 5/30 — Generic wallet label
[09:04:54] Sigs: 0/80 — Normal signature patterns
[09:04:54] [  7]  70/100 [CRITICAL] 1FvUkW8thcqG6HP7gAvAjcR52fR7CY...
[09:04:54] Attacks: seed_guess, weak_key, brainwallet
[09:04:54] Age: 10/85 — Unknown age
[09:04:54] Type: 40/40 — Legacy P2PKH — oldest format, pre-HD wallet era
[09:04:54] Pattern: 15/40 — High balance (3350.0 BTC) — attractive target
[09:04:54] Label: 5/30 — Generic wallet label
[09:04:54] Sigs: 0/80 — Normal signature patterns
[09:04:54] [  8]  70/100 [CRITICAL] 1EgH7EUfgjr8gAK9t1BeHLDC1ijrVv...
[09:04:54] Attacks: seed_guess, weak_key, brainwallet
[09:04:54] Age: 10/85 — Unknown age
[09:04:54] Type: 40/40 — Legacy P2PKH — oldest format, pre-HD wallet era
[09:04:54] Pattern: 15/40 — High balance (3082.0 BTC) — attractive target
[09:04:54] Label: 5/30 — Generic wallet label
[09:04:54] Sigs: 0/80 — No signatures available
[09:04:54] [  9]  70/100 [CRITICAL] 1JaPNwMXt2AuVkWmkUHbsw78MbGorT...
[09:04:54] Attacks: seed_guess, weak_key, brainwallet
[09:04:54] Age: 10/85 — Unknown age
[09:04:54] Type: 40/40 — Legacy P2PKH — oldest format, pre-HD wallet era
[09:04:54] Pattern: 15/40 — High balance (2195.0 BTC) — attractive target
[09:04:54] Label: 5/30 — Generic wallet label
[09:04:54] Sigs: 0/80 — No signatures available
[09:04:54] [ 10]  70/100 [CRITICAL] 13kxWCuDWN1gGSe2vPmsSBVXyPfYLM...
[09:04:54] Attacks: seed_guess, weak_key, brainwallet
[09:04:54] Age: 10/85 — Unknown age
[09:04:54] Type: 40/40 — Legacy P2PKH — oldest format, pre-HD wallet era
[09:04:54] Pattern: 15/40 — High balance (1320.0 BTC) — attractive target
[09:04:54] Label: 5/30 — Generic wallet label
[09:04:54] Sigs: 0/80 — Normal signature patterns
[09:04:54] [ 11]  70/100 [CRITICAL] 1FdPpELnjHfwSM4Nvi7LdYS4S4GVGs...
[09:04:54] Attacks: seed_guess, weak_key, brainwallet
[09:04:54] Age: 10/85 — Unknown age
[09:04:54] Type: 40/40 — Legacy P2PKH — oldest format, pre-HD wallet era
[09:04:54] Pattern: 15/40 — High balance (1804.0 BTC) — attractive target
[09:04:54] Label: 5/30 — Generic wallet label
[09:04:54] Sigs: 0/80 — Normal signature patterns
[09:04:54] [ 12]  70/100 [CRITICAL] 152kzDqjAVuPBMmJqcWvFbB7qkvigF...
[09:04:54] Attacks: seed_guess, weak_key, brainwallet
[09:04:54] Age: 10/85 — Unknown age
[09:04:54] Type: 40/40 — Legacy P2PKH — oldest format, pre-HD wallet era
[09:04:54] Pattern: 15/40 — High balance (1301.0 BTC) — attractive target
[09:04:54] Label: 5/30 — Generic wallet label
[09:04:54] Sigs: 0/80 — Normal signature patterns
[09:04:54] [ 13]  70/100 [CRITICAL] 142fFLWkLgteEB48wC6tcChK5dXkpt...
[09:04:54] Attacks: seed_guess, weak_key, brainwallet
[09:04:54] Age: 10/85 — Unknown age
[09:04:54] Type: 40/40 — Legacy P2PKH — oldest format, pre-HD wallet era
[09:04:54] Pattern: 15/40 — High balance (2068.0 BTC) — attractive target
[09:04:54] Label: 5/30 — Generic wallet label
[09:04:54] Sigs: 0/80 — No signatures available
[09:04:54] [ 14]  70/100 [CRITICAL] 13FKHnREotr4jrjiSJwPUpecogVT7R...
[09:04:54] Attacks: seed_guess, weak_key, brainwallet
[09:04:54] Age: 10/85 — Unknown age
[09:04:54] Type: 40/40 — Legacy P2PKH — oldest format, pre-HD wallet era
[09:04:54] Pattern: 15/40 — High balance (1750.0 BTC) — attractive target
[09:04:54] Label: 5/30 — Generic wallet label
[09:04:54] Sigs: 0/80 — No signatures available
[09:04:54] [ 15]  70/100 [CRITICAL] 1BVMFfPXJy2TY1x6wm8gow3N5Amw4E...
[09:04:54] Attacks: seed_guess, weak_key, brainwallet
[09:04:54] Age: 10/85 — Unknown age
[09:04:54] Type: 40/40 — Legacy P2PKH — oldest format, pre-HD wallet era
[09:04:54] Pattern: 15/40 — High balance (1698.0 BTC) — attractive target
[09:04:54] Label: 5/30 — Generic wallet label
[09:04:54] Sigs: 0/80 — No signatures available
[09:04:54] [ 16]  70/100 [CRITICAL] 1FUGUiJFcsLktTAkexy2ghT3Kus7yy...
[09:04:54] Attacks: seed_guess, weak_key, brainwallet
[09:04:54] Age: 10/85 — Unknown age
[09:04:54] Type: 40/40 — Legacy P2PKH — oldest format, pre-HD wallet era
[09:04:54] Pattern: 15/40 — High balance (1303.0 BTC) — attractive target
[09:04:54] Label: 5/30 — Generic wallet label
[09:04:54] Sigs: 0/80 — No signatures available
[09:04:54] [ 17]  70/100 [CRITICAL] 12yqUYtcCvDgiDgzJTT7DsSCoSifwY...
[09:04:54] Attacks: seed_guess, weak_key, brainwallet
[09:04:54] Age: 10/85 — Unknown age
[09:04:54] Type: 40/40 — Legacy P2PKH — oldest format, pre-HD wallet era
[09:04:54] Pattern: 15/40 — High balance (1105.0 BTC) — attractive target
[09:04:54] Label: 5/30 — Generic wallet label
[09:04:54] Sigs: 0/80 — No signatures available
[09:04:54] [ 18]  70/100 [CRITICAL] 1KmaiBSWEwmLcmq1TZzEJqwvmchS6t...
[09:04:54] Attacks: seed_guess, weak_key, brainwallet
[09:04:54] Age: 10/85 — Unknown age
[09:04:54] Type: 40/40 — Legacy P2PKH — oldest format, pre-HD wallet era
[09:04:54] Pattern: 15/40 — High balance (1093.0 BTC) — attractive target
[09:04:54] Label: 5/30 — Generic wallet label
[09:04:54] Sigs: 0/80 — No signatures available
[09:04:54] [ 19]  70/100 [CRITICAL] 155AkfuHgY7mZFDm9d7xGgP1rqXHMt...
[09:04:54] Attacks: seed_guess, weak_key, brainwallet
[09:04:54] Age: 10/85 — Unknown age
[09:04:54] Type: 40/40 — Legacy P2PKH — oldest format, pre-HD wallet era
[09:04:54] Pattern: 15/40 — High balance (1000.0 BTC) — attractive target
[09:04:54] Label: 5/30 — Generic wallet label
[09:04:54] Sigs: 0/80 — No signatures available
[09:04:54] [ 20]  70/100 [CRITICAL] 1KVyYVs7qbzuZt4s6M1hKRwtQZm2QQ...
[09:04:54] Attacks: seed_guess, weak_key, brainwallet
[09:04:54] Age: 10/85 — Unknown age
[09:04:54] Type: 40/40 — Legacy P2PKH — oldest format, pre-HD wallet era
[09:04:54] Pattern: 15/40 — High balance (1000.0 BTC) — attractive target
[09:04:54] Label: 5/30 — Generic wallet label
[09:04:54] Sigs: 0/80 — No signatures available
[09:04:54] [ 21]  70/100 [CRITICAL] 1JaVPjPHZgrBBwS3XW1w4KFUZFwvuA...
[09:04:54] Attacks: seed_guess, weak_key, brainwallet
[09:04:54] Age: 10/85 — Unknown age
[09:04:54] Type: 40/40 — Legacy P2PKH — oldest format, pre-HD wallet era
[09:04:54] Pattern: 15/40 — High balance (1000.0 BTC) — attractive target
[09:04:54] Label: 5/30 — Generic wallet label
[09:04:54] Sigs: 0/80 — No signatures available
[09:04:54] [ 22]  70/100 [CRITICAL] 16EwumVQQcGjqgcxkJ2J75sdhmjLH9...
[09:04:54] Attacks: seed_guess, weak_key, brainwallet
[09:04:54] Age: 10/85 — Unknown age
[09:04:54] Type: 40/40 — Legacy P2PKH — oldest format, pre-HD wallet era
[09:04:54] Pattern: 15/40 — High balance (1000.0 BTC) — attractive target
[09:04:54] Label: 5/30 — Generic wallet label
[09:04:54] Sigs: 0/80 — No signatures available
[09:04:54] [ 23]  70/100 [CRITICAL] 1FcKR5SsN1pQxkbHnTCrSPb6EV1eWq...
[09:04:54] Attacks: seed_guess, weak_key, brainwallet
[09:04:54] Age: 10/85 — Unknown age
[09:04:54] Type: 40/40 — Legacy P2PKH — oldest format, pre-HD wallet era
[09:04:54] Pattern: 15/40 — High balance (1000.0 BTC) — attractive target
[09:04:54] Label: 5/30 — Generic wallet label
[09:04:54] Sigs: 0/80 — No signatures available
[09:04:54] [ 24]  70/100 [CRITICAL] 1GXhEFqai4hDwHHJa3wU6y6mB1Yfvx...
[09:04:54] Attacks: seed_guess, weak_key, brainwallet
[09:04:54] Age: 10/85 — Unknown age
[09:04:54] Type: 40/40 — Legacy P2PKH — oldest format, pre-HD wallet era
[09:04:54] Pattern: 15/40 — High balance (1000.0 BTC) — attractive target
[09:04:54] Label: 5/30 — Generic wallet label
[09:04:54] Sigs: 0/80 — No signatures available
[09:04:54] [ 25]  70/100 [CRITICAL] 1Ek4uWz9RbGWKZdGRedEWT1a6SKCFY...
[09:04:54] Attacks: seed_guess, weak_key, brainwallet
[09:04:54] Age: 10/85 — Unknown age
[09:04:54] Type: 40/40 — Legacy P2PKH — oldest format, pre-HD wallet era
[09:04:54] Pattern: 15/40 — High balance (1000.0 BTC) — attractive target
[09:04:54] Label: 5/30 — Generic wallet label
[09:04:54] Sigs: 0/80 — No signatures available
[09:04:54] [ 26]  70/100 [CRITICAL] 19uqAzejS1ZXkmHGNJEau88ooob4QX...
[09:04:54] Attacks: seed_guess, weak_key, brainwallet
[09:04:54] Age: 10/85 — Unknown age
[09:04:54] Type: 40/40 — Legacy P2PKH — oldest format, pre-HD wallet era
[09:04:54] Pattern: 15/40 — High balance (1000.0 BTC) — attractive target
[09:04:54] Label: 5/30 — Generic wallet label
[09:04:54] Sigs: 0/80 — No signatures available
[09:04:54] [ 27]  70/100 [CRITICAL] 13vze7Q5jv3LRzDk6Q1gPSu3nweESE...
[09:04:54] Attacks: seed_guess, weak_key, brainwallet
[09:04:54] Age: 10/85 — Unknown age
[09:04:54] Type: 40/40 — Legacy P2PKH — oldest format, pre-HD wallet era
[09:04:54] Pattern: 15/40 — High balance (1000.0 BTC) — attractive target
[09:04:54] Label: 5/30 — Generic wallet label
[09:04:54] Sigs: 0/80 — No signatures available
[09:04:54] [ 28]  70/100 [CRITICAL] 1BZyajZKBLpgxcL8rS69DT6SAU5pqL...
[09:04:54] Attacks: seed_guess, weak_key, brainwallet
[09:04:54] Age: 10/85 — Unknown age
[09:04:54] Type: 40/40 — Legacy P2PKH — oldest format, pre-HD wallet era
[09:04:54] Pattern: 15/40 — High balance (1000.0 BTC) — attractive target
[09:04:54] Label: 5/30 — Generic wallet label
[09:04:54] Sigs: 0/80 — No signatures available
[09:04:54] [ 29]  70/100 [CRITICAL] 19SuKg8Nfp98Xk2MYWcMHtd5o9f3Fc...
[09:04:54] Attacks: seed_guess, weak_key, brainwallet
[09:04:54] Age: 10/85 — Unknown age
[09:04:54] Type: 40/40 — Legacy P2PKH — oldest format, pre-HD wallet era
[09:04:54] Pattern: 15/40 — High balance (1000.0 BTC) — attractive target
[09:04:54] Label: 5/30 — Generic wallet label
[09:04:54] Sigs: 0/80 — No signatures available
[09:04:54] [ 30]  70/100 [CRITICAL] 1LtPgZNadP6efq2K54Lui9S4SA2gMs...
[09:04:54] Attacks: seed_guess, weak_key, brainwallet
[09:04:54] Age: 10/85 — Unknown age
[09:04:54] Type: 40/40 — Legacy P2PKH — oldest format, pre-HD wallet era
[09:04:54] Pattern: 15/40 — High balance (1000.0 BTC) — attractive target
[09:04:54] Label: 5/30 — Generic wallet label
[09:04:54] Sigs: 0/80 — No signatures available
[09:04:54] DISTRIBUTION:
[09:04:54] CRITICAL: 99
[09:04:54] HIGH:     897
[09:04:54] MEDIUM:   4
[09:04:54] LOW:      0
[09:04:54] Top 30 scores saved to vulnerability_scores.json
[09:04:54] --- Scanning Debian OpenSSL + Blockchain Bandit Keys ---
[09:04:55] Known-Vulnerability Scan against 1000 tracked addresses
[09:04:55] ============================================================
[09:04:55] DEBIAN OPENSSL WEAK KEY SCAN (CVE-2008-0166)
[09:04:55] ============================================================
[09:04:55] Generated 229376 weak key candidates
